[2022-03-26T14:41:58.231-0800][0.014s] Using G1
[2022-03-26T14:41:58.470-0800][0.254s] Version: 15.0.1+9-18 (release)
[2022-03-26T14:41:58.470-0800][0.254s] CPUs: 8 total, 8 available
[2022-03-26T14:41:58.470-0800][0.254s] Memory: 8192M
[2022-03-26T14:41:58.470-0800][0.254s] Large Page Support: Disabled
[2022-03-26T14:41:58.470-0800][0.254s] NUMA Support: Disabled
[2022-03-26T14:41:58.470-0800][0.254s] Compressed Oops: Enabled (Zero based)
[2022-03-26T14:41:58.470-0800][0.254s] Heap Region Size: 1M
[2022-03-26T14:41:58.470-0800][0.254s] Heap Min Capacity: 512M
[2022-03-26T14:41:58.470-0800][0.254s] Heap Initial Capacity: 512M
[2022-03-26T14:41:58.470-0800][0.254s] Heap Max Capacity: 512M
[2022-03-26T14:41:58.470-0800][0.254s] Pre-touch: Enabled
[2022-03-26T14:41:58.470-0800][0.254s] Parallel Workers: 8
[2022-03-26T14:41:58.470-0800][0.254s] Concurrent Workers: 2
[2022-03-26T14:41:58.470-0800][0.254s] Concurrent Refinement Workers: 8
[2022-03-26T14:41:58.470-0800][0.254s] Periodic GC: Disabled
[2022-03-26T14:41:58.471-0800][0.254s] Mark closed archive regions in map: [0x00000007fff00000, 0x00000007fff78ff8]
[2022-03-26T14:41:58.471-0800][0.255s] Mark open archive regions in map: [0x00000007ffe00000, 0x00000007ffe50ff8]
[2022-03-26T14:41:58.471-0800][0.255s] CDS archive(s) mapped at: [0x0000000800000000-0x0000000800b2b000-0x0000000800b2b000), size 11710464, SharedBaseAddress: 0x0000000800000000, ArchiveRelocationMode: 0.
[2022-03-26T14:41:58.471-0800][0.255s] Compressed class space mapped at: 0x0000000800b2c000-0x0000000840b2c000, size: 1073741824
[2022-03-26T14:41:58.471-0800][0.255s] Narrow klass base: 0x0000000800000000, Narrow klass shift: 3, Narrow klass range: 0x100000000
[2022-03-26T14:42:00.217-0800][2.001s] GC(0) Pause Young (Normal) (G1 Evacuation Pause)
[2022-03-26T14:42:00.218-0800][2.002s] GC(0) Using 8 workers of 8 for evacuation
[2022-03-26T14:42:00.236-0800][2.020s] GC(0)   Pre Evacuate Collection Set: 0.1ms
[2022-03-26T14:42:00.236-0800][2.020s] GC(0)   Merge Heap Roots: 0.3ms
[2022-03-26T14:42:00.236-0800][2.020s] GC(0)   Evacuate Collection Set: 16.3ms
[2022-03-26T14:42:00.236-0800][2.020s] GC(0)   Post Evacuate Collection Set: 0.7ms
[2022-03-26T14:42:00.236-0800][2.020s] GC(0)   Other: 1.4ms
[2022-03-26T14:42:00.236-0800][2.020s] GC(0) Eden regions: 29->0(53)
[2022-03-26T14:42:00.236-0800][2.020s] GC(0) Survivor regions: 0->4(4)
[2022-03-26T14:42:00.236-0800][2.020s] GC(0) Old regions: 0->0
[2022-03-26T14:42:00.236-0800][2.020s] GC(0) Archive regions: 2->2
[2022-03-26T14:42:00.236-0800][2.020s] GC(0) Humongous regions: 0->0
[2022-03-26T14:42:00.236-0800][2.020s] GC(0) Metaspace: 7216K(8448K)->7216K(8448K) NonClass: 6359K(7424K)->6359K(7424K) Class: 857K(1024K)->857K(1024K)
[2022-03-26T14:42:00.237-0800][2.020s] GC(0) Pause Young (Normal) (G1 Evacuation Pause) 29M->3M(512M) 19.255ms
[2022-03-26T14:42:00.237-0800][2.020s] GC(0) User=0.02s Sys=0.01s Real=0.02s
[2022-03-26T14:42:02.776-0800][4.560s] GC(1) Pause Young (Normal) (G1 Evacuation Pause)
[2022-03-26T14:42:02.776-0800][4.560s] GC(1) Using 8 workers of 8 for evacuation
[2022-03-26T14:42:02.812-0800][4.596s] GC(1)   Pre Evacuate Collection Set: 0.1ms
[2022-03-26T14:42:02.812-0800][4.596s] GC(1)   Merge Heap Roots: 0.1ms
[2022-03-26T14:42:02.812-0800][4.596s] GC(1)   Evacuate Collection Set: 35.5ms
[2022-03-26T14:42:02.812-0800][4.596s] GC(1)   Post Evacuate Collection Set: 0.5ms
[2022-03-26T14:42:02.812-0800][4.596s] GC(1)   Other: 0.2ms
[2022-03-26T14:42:02.812-0800][4.596s] GC(1) Eden regions: 53->0(69)
[2022-03-26T14:42:02.812-0800][4.596s] GC(1) Survivor regions: 4->8(8)
[2022-03-26T14:42:02.812-0800][4.596s] GC(1) Old regions: 0->11
[2022-03-26T14:42:02.812-0800][4.596s] GC(1) Archive regions: 2->2
[2022-03-26T14:42:02.812-0800][4.596s] GC(1) Humongous regions: 4->4
[2022-03-26T14:42:02.812-0800][4.596s] GC(1) Metaspace: 16358K(16896K)->16358K(16896K) NonClass: 14469K(14848K)->14469K(14848K) Class: 1889K(2048K)->1889K(2048K)
[2022-03-26T14:42:02.812-0800][4.596s] GC(1) Pause Young (Normal) (G1 Evacuation Pause) 60M->23M(512M) 36.563ms
[2022-03-26T14:42:02.812-0800][4.596s] GC(1) User=0.06s Sys=0.04s Real=0.04s
[2022-03-26T14:42:03.258-0800][5.042s] GC(2) Pause Young (Concurrent Start) (Metadata GC Threshold)
[2022-03-26T14:42:03.258-0800][5.042s] GC(2) Using 8 workers of 8 for evacuation
[2022-03-26T14:42:03.272-0800][5.056s] GC(2)   Pre Evacuate Collection Set: 0.1ms
[2022-03-26T14:42:03.272-0800][5.056s] GC(2)   Merge Heap Roots: 0.1ms
[2022-03-26T14:42:03.272-0800][5.056s] GC(2)   Evacuate Collection Set: 13.6ms
[2022-03-26T14:42:03.272-0800][5.056s] GC(2)   Post Evacuate Collection Set: 0.3ms
[2022-03-26T14:42:03.273-0800][5.056s] GC(2)   Other: 0.4ms
[2022-03-26T14:42:03.273-0800][5.056s] GC(2) Eden regions: 24->0(120)
[2022-03-26T14:42:03.273-0800][5.056s] GC(2) Survivor regions: 8->1(9)
[2022-03-26T14:42:03.273-0800][5.056s] GC(2) Old regions: 11->19
[2022-03-26T14:42:03.273-0800][5.056s] GC(2) Archive regions: 2->2
[2022-03-26T14:42:03.273-0800][5.056s] GC(2) Humongous regions: 4->4
[2022-03-26T14:42:03.273-0800][5.057s] GC(2) Metaspace: 20596K(21248K)->20596K(21248K) NonClass: 18271K(18688K)->18271K(18688K) Class: 2324K(2560K)->2324K(2560K)
[2022-03-26T14:42:03.273-0800][5.057s] GC(2) Pause Young (Concurrent Start) (Metadata GC Threshold) 46M->24M(512M) 14.656ms
[2022-03-26T14:42:03.273-0800][5.057s] GC(2) User=0.03s Sys=0.02s Real=0.02s
[2022-03-26T14:42:03.273-0800][5.057s] GC(3) Concurrent Cycle
[2022-03-26T14:42:03.273-0800][5.057s] GC(3) Concurrent Clear Claimed Marks
[2022-03-26T14:42:03.273-0800][5.057s] GC(3) Concurrent Clear Claimed Marks 0.038ms
[2022-03-26T14:42:03.273-0800][5.057s] GC(3) Concurrent Scan Root Regions
[2022-03-26T14:42:03.276-0800][5.059s] GC(3) Concurrent Scan Root Regions 2.476ms
[2022-03-26T14:42:03.276-0800][5.060s] GC(3) Concurrent Mark (5.059s)
[2022-03-26T14:42:03.276-0800][5.060s] GC(3) Concurrent Mark From Roots
[2022-03-26T14:42:03.276-0800][5.060s] GC(3) Using 2 workers of 2 for marking
[2022-03-26T14:42:03.287-0800][5.071s] GC(3) Concurrent Mark From Roots 11.071ms
[2022-03-26T14:42:03.287-0800][5.071s] GC(3) Concurrent Preclean
[2022-03-26T14:42:03.287-0800][5.071s] GC(3) Concurrent Preclean 0.299ms
[2022-03-26T14:42:03.287-0800][5.071s] GC(3) Concurrent Mark (5.059s, 5.071s) 11.439ms
[2022-03-26T14:42:03.288-0800][5.072s] GC(3) Pause Remark
[2022-03-26T14:42:03.300-0800][5.084s] GC(3) Pause Remark 25M->25M(512M) 12.765ms
[2022-03-26T14:42:03.300-0800][5.084s] GC(3) User=0.01s Sys=0.02s Real=0.02s
[2022-03-26T14:42:03.301-0800][5.085s] GC(3) Concurrent Rebuild Remembered Sets
[2022-03-26T14:42:03.308-0800][5.092s] GC(3) Concurrent Rebuild Remembered Sets 7.710ms
[2022-03-26T14:42:03.309-0800][5.093s] GC(3) Pause Cleanup
[2022-03-26T14:42:03.309-0800][5.093s] GC(3) Pause Cleanup 25M->25M(512M) 0.088ms
[2022-03-26T14:42:03.309-0800][5.093s] GC(3) User=0.00s Sys=0.00s Real=0.00s
[2022-03-26T14:42:03.309-0800][5.093s] GC(3) Concurrent Cleanup for Next Mark
[2022-03-26T14:42:03.312-0800][5.096s] GC(3) Concurrent Cleanup for Next Mark 2.745ms
[2022-03-26T14:42:03.312-0800][5.096s] GC(3) Concurrent Cycle 39.308ms
[2022-03-26T14:42:06.597-0800][8.381s] GC(4) Pause Young (Concurrent Start) (Metadata GC Threshold)
[2022-03-26T14:42:06.597-0800][8.381s] GC(4) Using 8 workers of 8 for evacuation
[2022-03-26T14:42:06.605-0800][8.389s] GC(4)   Pre Evacuate Collection Set: 0.1ms
[2022-03-26T14:42:06.605-0800][8.389s] GC(4)   Merge Heap Roots: 0.1ms
[2022-03-26T14:42:06.605-0800][8.389s] GC(4)   Evacuate Collection Set: 6.6ms
[2022-03-26T14:42:06.605-0800][8.389s] GC(4)   Post Evacuate Collection Set: 0.7ms
[2022-03-26T14:42:06.605-0800][8.389s] GC(4)   Other: 0.4ms
[2022-03-26T14:42:06.605-0800][8.389s] GC(4) Eden regions: 91->0(301)
[2022-03-26T14:42:06.605-0800][8.389s] GC(4) Survivor regions: 1->6(16)
[2022-03-26T14:42:06.605-0800][8.389s] GC(4) Old regions: 19->19
[2022-03-26T14:42:06.605-0800][8.389s] GC(4) Archive regions: 2->2
[2022-03-26T14:42:06.605-0800][8.389s] GC(4) Humongous regions: 4->4
[2022-03-26T14:42:06.605-0800][8.389s] GC(4) Metaspace: 34996K(35840K)->34996K(35840K) NonClass: 30950K(31616K)->30950K(31616K) Class: 4046K(4224K)->4046K(4224K)
[2022-03-26T14:42:06.605-0800][8.389s] GC(4) Pause Young (Concurrent Start) (Metadata GC Threshold) 115M->29M(512M) 8.056ms
[2022-03-26T14:42:06.605-0800][8.389s] GC(4) User=0.03s Sys=0.01s Real=0.01s
[2022-03-26T14:42:06.605-0800][8.389s] GC(5) Concurrent Cycle
[2022-03-26T14:42:06.605-0800][8.389s] GC(5) Concurrent Clear Claimed Marks
[2022-03-26T14:42:06.605-0800][8.389s] GC(5) Concurrent Clear Claimed Marks 0.019ms
[2022-03-26T14:42:06.605-0800][8.389s] GC(5) Concurrent Scan Root Regions
[2022-03-26T14:42:06.608-0800][8.392s] GC(5) Concurrent Scan Root Regions 2.453ms
[2022-03-26T14:42:06.608-0800][8.392s] GC(5) Concurrent Mark (8.392s)
[2022-03-26T14:42:06.608-0800][8.392s] GC(5) Concurrent Mark From Roots
[2022-03-26T14:42:06.608-0800][8.392s] GC(5) Using 2 workers of 2 for marking
[2022-03-26T14:42:06.618-0800][8.402s] GC(5) Concurrent Mark From Roots 10.704ms
[2022-03-26T14:42:06.619-0800][8.403s] GC(5) Concurrent Preclean
[2022-03-26T14:42:06.619-0800][8.403s] GC(5) Concurrent Preclean 0.153ms
[2022-03-26T14:42:06.619-0800][8.403s] GC(5) Concurrent Mark (8.392s, 8.403s) 11.572ms
[2022-03-26T14:42:06.620-0800][8.404s] GC(5) Pause Remark
[2022-03-26T14:42:06.636-0800][8.420s] GC(5) Pause Remark 31M->31M(512M) 16.292ms
[2022-03-26T14:42:06.636-0800][8.420s] GC(5) User=0.02s Sys=0.03s Real=0.01s
[2022-03-26T14:42:06.636-0800][8.420s] GC(5) Concurrent Rebuild Remembered Sets
[2022-03-26T14:42:06.644-0800][8.428s] GC(5) Concurrent Rebuild Remembered Sets 7.171ms
[2022-03-26T14:42:06.645-0800][8.429s] GC(5) Pause Cleanup
[2022-03-26T14:42:06.645-0800][8.429s] GC(5) Pause Cleanup 31M->31M(512M) 0.091ms
[2022-03-26T14:42:06.645-0800][8.429s] GC(5) User=0.00s Sys=0.00s Real=0.00s
[2022-03-26T14:42:06.645-0800][8.429s] GC(5) Concurrent Cleanup for Next Mark
[2022-03-26T14:42:06.647-0800][8.431s] GC(5) Concurrent Cleanup for Next Mark 2.146ms
[2022-03-26T14:42:06.647-0800][8.431s] GC(5) Concurrent Cycle 41.909ms
